// Jest Snapshot v1, https://goo.gl/fbAQLP

exports[`Test Workbench Component Match The WorkbenchView snapshot 1`] = `
<DocumentFragment>
  <div
    class="mo"
    id="molecule"
    tabindex="0"
  >
    <div
      class="mo-workbench"
    >
      <div
        class="mo-mainBench"
      >
        <div
          class="mo-compositeBar"
        >
          <div
            class="mo-menuBar"
          >
            <div
              class="mo-drop-down mo-drop-down--right mo-menuBar__action"
            >
              <span
                class="codicon codicon-menu"
              />
            </div>
          </div>
          <div
            class="mo-activityBar"
            id="activityBar"
          >
            <div
              class="mo-activityBar__container"
            >
              <ul>
                <li
                  class="mo-activityBar__item"
                  id="sidebar.search.title"
                >
                  <span
                    class="mo-activityBar__label codicon codicon-search"
                    title="搜索"
                  />
                </li>
              </ul>
              <ul
                class="mo-activityBar__global"
              />
            </div>
          </div>
        </div>
        <div
          class="css-1ndrsdj"
          data-split="vertical"
          data-type="SplitPane"
        >
          <div
            style="display: -webkit-box,-moz-box,-ms-flexbox,-webkit-flex,flex; outline: none; min-width: 170px; max-width: calc(80% - 1px*0.8); flex-grow: 0; width: 300px;"
          >
            <div
              class="mo-sidebar"
            >
              <div
                class="mo-sidebar__pane"
                data-id="sidebar.search.title"
                style="display: none;"
              >
                <div
                  class="sidebar-search-pane"
                >
                  <header
                    class="mo-sidebar__header"
                  >
                    <div
                      class="mo-sidebar__title"
                    >
                      <h2>
                        搜索
                      </h2>
                    </div>
                    <div
                      class="mo-sidebar__toolbar"
                    >
                      <div
                        class="mo-tool-bar"
                      >
                        <div
                          class="mo-action-bar"
                        >
                          <ul
                            class="mo-action-bar__container"
                          >
                            <li
                              class="mo-action-bar__item mo-action-bar__item--disabled"
                              id="search.toolbar.refresh"
                            >
                              <span
                                class="codicon codicon-refresh"
                              />
                            </li>
                            <li
                              class="mo-action-bar__item mo-action-bar__item--disabled"
                              id="search.toolbar.clearAll"
                            >
                              <span
                                class="codicon codicon-clear-all"
                              />
                            </li>
                            <li
                              class="mo-action-bar__item mo-action-bar__item--disabled"
                              id="search.toolbar.collapseAll"
                            >
                              <span
                                class="codicon codicon-collapse-all"
                              />
                            </li>
                          </ul>
                        </div>
                      </div>
                    </div>
                  </header>
                  <div
                    class="mo-sidebar__content"
                  >
                    <div
                      class="mo-search"
                    >
                      <span
                        class="mo-search__replace__button codicon codicon-chevron-right"
                      />
                      <div
                        class="mo-search__group"
                      >
                        <div
                          class="mo-search__input mo-search__target"
                        >
                          <textarea
                            autocapitalize="off"
                            autocorrect="off"
                            class=""
                            placeholder="Search"
                            spellcheck="false"
                            title="Search"
                          />
                          <div
                            class="mo-action-bar mo-search__toolbar"
                          >
                            <ul
                              class="mo-action-bar__container"
                            >
                              <li
                                class="mo-action-bar__item"
                                id="search.matchCase"
                              >
                                <span
                                  class="codicon codicon-case-sensitive"
                                />
                              </li>
                              <li
                                class="mo-action-bar__item"
                                id="search.matchWholeWord"
                              >
                                <span
                                  class="codicon codicon-whole-word"
                                />
                              </li>
                              <li
                                class="mo-action-bar__item"
                                id="search.useRegularExpression"
                              >
                                <span
                                  class="codicon codicon-regex"
                                />
                              </li>
                            </ul>
                          </div>
                        </div>
                      </div>
                    </div>
                    <div
                      class="mo-tree mo-search__tree"
                      draggable="false"
                      role="tree"
                    />
                  </div>
                </div>
              </div>
            </div>
          </div>
          <div
            class="sc-htpNat fXAXjb sc-bdVaJa cjjWdp"
            data-attribute="vertical"
            data-type="Resizer"
          />
          <div
            style="display: -webkit-box,-moz-box,-ms-flexbox,-webkit-flex,flex; outline: none; min-width: 0; max-width: calc(100% - 1px*1); flex: 1;"
          >
            <div
              class="css-f7b5xf"
              data-split="horizontal"
              data-type="SplitPane"
            >
              <div
                style="display: -webkit-box,-moz-box,-ms-flexbox,-webkit-flex,flex; outline: none; min-height: calc(10% - 1px*0.1); max-height: calc(100% - 1px*1); flex-grow: 0; height: calc(70% - 1px*0.7);"
              >
                <div
                  class="mo-editor"
                >
                  <div
                    class="mo-welcome"
                  >
                    <h1>
                      Molecule.
                    </h1>
                  </div>
                </div>
              </div>
              <div
                class="sc-bwzfXH hEACtv sc-bdVaJa cjjWdp"
                data-attribute="horizontal"
                data-type="Resizer"
              />
              <div
                style="display: -webkit-box,-moz-box,-ms-flexbox,-webkit-flex,flex; outline: none; min-height: 0; max-height: calc(100% - 1px*1); flex: 1;"
              >
                <div
                  class="mo-panel"
                >
                  <div
                    class="mo-panel__header"
                  >
                    <div
                      class="mo-tabs mo-tabs--line"
                    >
                      <div
                        class="mo-tabs__header"
                      >
                        <div
                          class="mo-tab__item"
                          draggable="true"
                        >
                          问题
                        </div>
                      </div>
                    </div>
                    <div
                      class="mo-action-bar mo-panel__toolbar"
                    >
                      <ul
                        class="mo-action-bar__container"
                      />
                    </div>
                  </div>
                  <div
                    class="mo-panel__container"
                    tabindex="0"
                  />
                </div>
              </div>
            </div>
          </div>
        </div>
      </div>
    </div>
    <div
      class="mo-statusBar"
      id="statusBar"
    >
      <div
        class="mo-statusBar__left-items"
      >
        <div
          class="mo-statusBar__item"
          id="statusbar.problems.title"
          sortindex="1"
        >
          <a
            tabindex="-1"
            title="Problems"
          >
            <span
              class="codicon codicon-error"
            />
             0 
            <span
              class="codicon codicon-warning"
            />
             0 
            <span
              class="codicon codicon-info"
            />
             0
          </a>
        </div>
      </div>
      <div
        class="mo-statusBar__right-items"
      >
        <div
          actionbar="[object Object],[object Object]"
          class="mo-statusBar__item"
          id="MO_NOTIFICATION"
          sortindex="1"
        >
          <a
            tabindex="-1"
            title="Notification"
          >
            <span
              class="codicon codicon-bell"
            />
          </a>
        </div>
        <div
          class="mo-statusBar__item"
          id="MoEditorInfo"
          sortindex="2"
        >
          <a
            tabindex="-1"
            title="Go to Line/Column"
          >
            <span>
              Ln 0, Col 0
            </span>
          </a>
        </div>
      </div>
    </div>
  </div>
</DocumentFragment>
`;
