// Jest Snapshot v1, https://goo.gl/fbAQLP

exports[`Test Workbench Component Match The WorkbenchView snapshot 1`] = `
<DocumentFragment>
  <div
    class="mo"
    id="molecule"
    tabindex="0"
  >
    <div
      class="mo-workbench"
    >
      <div
        class="mo-mainBench"
      >
        <div
          class="mo-compositeBar"
        >
          <div
            class="mo-menuBar"
          >
            <div
              class="mo-drop-down mo-drop-down--right mo-menuBar__action"
            >
              <span
                class="codicon codicon-menu"
              />
            </div>
          </div>
          <div
            class="mo-activityBar"
            id="activityBar"
          >
            <div
              class="mo-activityBar__container"
            >
              <ul />
              <ul
                class="mo-activityBar__global"
              />
            </div>
          </div>
        </div>
        <div
          class="css-1ndrsdj"
          data-split="vertical"
          data-type="SplitPane"
        >
          <div
            style="display: -webkit-box,-moz-box,-ms-flexbox,-webkit-flex,flex; outline: none; min-width: 170px; max-width: calc(80% - 1px*0.8); flex-grow: 0; width: 300px;"
          >
            <div
              class="mo-sidebar"
            />
          </div>
          <div
            class="sc-htpNat fXAXjb sc-bdVaJa cjjWdp"
            data-attribute="vertical"
            data-type="Resizer"
          />
          <div
            style="display: -webkit-box,-moz-box,-ms-flexbox,-webkit-flex,flex; outline: none; min-width: 0; max-width: calc(100% - 1px*1); flex: 1;"
          >
            <div
              class="css-f7b5xf"
              data-split="horizontal"
              data-type="SplitPane"
            >
              <div
                style="display: -webkit-box,-moz-box,-ms-flexbox,-webkit-flex,flex; outline: none; min-height: calc(10% - 1px*0.1); max-height: calc(100% - 1px*1); flex-grow: 0; height: calc(70% - 1px*0.7);"
              >
                <div
                  class="mo-editor"
                >
                  <div
                    class="mo-welcome"
                  >
                    <h1>
                      Molecule.
                    </h1>
                  </div>
                </div>
              </div>
              <div
                class="sc-bwzfXH hEACtv sc-bdVaJa cjjWdp"
                data-attribute="horizontal"
                data-type="Resizer"
              />
              <div
                style="display: -webkit-box,-moz-box,-ms-flexbox,-webkit-flex,flex; outline: none; min-height: 0; max-height: calc(100% - 1px*1); flex: 1;"
              >
                <div
                  class="mo-panel"
                >
                  <div
                    class="mo-panel__header"
                  >
                    <div
                      class="mo-tabs mo-tabs--line"
                    >
                      <div
                        class="mo-tabs__header"
                      />
                    </div>
                    <div
                      class="mo-action-bar mo-panel__toolbar"
                    >
                      <ul
                        class="mo-action-bar__container"
                      />
                    </div>
                  </div>
                  <div
                    class="mo-panel__container"
                    tabindex="0"
                  />
                </div>
              </div>
            </div>
          </div>
        </div>
      </div>
    </div>
    <div
      class="mo-statusBar"
      id="statusBar"
    >
      <div
        class="mo-statusBar__left-items"
      />
      <div
        class="mo-statusBar__right-items"
      />
    </div>
  </div>
</DocumentFragment>
`;
