// Jest Snapshot v1, https://goo.gl/fbAQLP

exports[`Test ActionBar Component Test the ActionBar Snapshot 1`] = `
<div
  className="mo-action-bar"
>
  <ul
    className="mo-action-bar__container"
  >
    <li
      className="mo-action-bar__item"
      id="m1"
      onClick={[Function]}
    >
      <a
        className="codicon codicon-add"
        onMouseEnter={[Function]}
        onMouseLeave={[Function]}
      />
    </li>
  </ul>
</div>
`;
