// Jest Snapshot v1, https://goo.gl/fbAQLP

exports[`The Tabs Components The snapshot 1`] = `
<div
  className="mo-tabs mo-tabs--line"
>
  <div
    className="mo-tabs__header"
  >
    <div
      className="mo-tab__item"
      onClick={[Function]}
      onContextMenu={[Function]}
    >
      test-title-1
      <div
        className="mo-tab__item__extra"
        onClick={[Function]}
        onMouseOut={[Function]}
        onMouseOver={[Function]}
        role="button"
      >
        <span
          className="codicon codicon-close"
        />
      </div>
    </div>
    <div
      className="mo-tab__item"
      onClick={[Function]}
      onContextMenu={[Function]}
    >
      test-title-2
      <div
        className="mo-tab__item__extra"
        onClick={[Function]}
        onMouseOut={[Function]}
        onMouseOver={[Function]}
        role="button"
      >
        <span
          className="codicon codicon-close"
        />
      </div>
    </div>
  </div>
</div>
`;
