// Jest Snapshot v1, https://goo.gl/fbAQLP

exports[`Test MenuBar Component Match the MenuBar snapshot 1`] = `
<div
  className="mo-menuBar"
>
  <div
    className="mo-drop-down mo-drop-down--right mo-menuBar__action"
    onClick={[Function]}
  >
    <span
      className="codicon codicon-menu"
    />
  </div>
</div>
`;
