// Jest Snapshot v1, https://goo.gl/fbAQLP

exports[`The ActivityBar Component match the snapshot 1`] = `
<div
  className="mo-activityBar"
  id="activityBar"
  onContextMenu={[Function]}
>
  <div
    className="mo-activityBar__container"
  >
    <div
      className="mo-activityBar__normal"
    >
      <ul>
        <li
          className="mo-activityBar__item"
          id="test3"
          onClick={[Function]}
        >
          <span
            className="mo-activityBar__label codicon codicon-debug"
            title=""
          />
        </li>
      </ul>
    </div>
    <ul
      className="mo-activityBar__global"
    >
      <li
        className="mo-activityBar__item"
        id="test"
        onClick={[Function]}
      >
        <span
          className="mo-activityBar__label codicon codicon-account"
          title=""
        />
      </li>
      <li
        className="mo-activityBar__item"
        id="test2"
        onClick={[Function]}
      >
        <span
          className="mo-activityBar__label codicon codicon-settings-gear"
          title=""
        />
      </li>
    </ul>
  </div>
</div>
`;
