// Jest Snapshot v1, https://goo.gl/fbAQLP

exports[`The PaneView Component Match snapshot 1`] = `
<div
  className="mo-problems"
>
  <div
    className="mo-tree mo-problems__treeview"
    draggable={false}
    role="tree"
  >
    <div
      className="mo-tree__treenode mo-tree__treenode--close"
      data-id="mo_treeNode_1"
      data-indent={0}
      data-key={1}
      draggable={false}
      onClick={[Function]}
      onContextMenu={[Function]}
      onDragEnd={[Function]}
      onDragEnter={[Function]}
      onDragOver={[Function]}
      onDragStart={[Function]}
      onDrop={[Function]}
      tabIndex={0}
    >
      <div
        className="mo-tree__indent"
        style={
          Object {
            "width": 0,
          }
        }
      />
      <span
        className="codicon codicon-chevron-right"
      />
      <span
        className="mo-tree__treenode__title"
      >
        <span
          className="mo-problems__treeview__treeNode"
        >
          text.tsx
          <span
            className="mo-problems__treeview__treeNode__badge"
          >
            4
          </span>
        </span>
      </span>
    </div>
  </div>
</div>
`;
