// Jest Snapshot v1, https://goo.gl/fbAQLP

exports[`The PaneView Component Match snapshot 1`] = `
<DocumentFragment>
  <div
    class="mo-problems"
  >
    <div
      class="mo-tree mo-problems__treeview"
      draggable="false"
      role="tree"
    >
      <div
        class="mo-tree__treenode mo-tree__treenode--active mo-tree__treenode--open"
        data-id="mo_treeNode_1"
        data-indent="0"
        data-key="1"
        draggable="false"
        tabindex="0"
      >
        <div
          class="mo-tree__indent"
          style="width: 0px;"
        />
        <span
          class="codicon codicon-chevron-down"
        />
        <span
          class="mo-tree__treenode__title"
        >
          <span
            class="mo-problems__treeview__treeNode"
          >
            text.tsx
            <span
              class="mo-problems__treeview__treeNode__badge"
            >
              4
            </span>
          </span>
        </span>
      </div>
      <div
        class="mo-tree__treenode mo-tree__treenode--active mo-tree__treenode--open"
        data-id="mo_treeNode_1_1"
        data-indent="1"
        data-key="1"
        draggable="false"
        tabindex="0"
      >
        <div
          class="mo-tree__indent"
          style="width: 8px;"
        >
          <div
            class="mo-tree__indent__guide"
          />
        </div>
        <span
          class="mo-tree__treenode__title"
        >
          <span
            class="mo-problems__treeview__treeLeaf"
          >
            <span
              class="codicon codicon-error"
            />
            <span>
              语法错误
            </span>
            <span
              class="mo-problems__treeview__treeLeaf__subInfo"
            >
              endLineNumber
            </span>
            <span
              class="mo-problems__treeview__treeLeaf__subInfo"
            >
              [0, 1]
            </span>
          </span>
        </span>
      </div>
      <div
        class="mo-tree__treenode mo-tree__treenode--close"
        data-id="mo_treeNode_1_2"
        data-indent="1"
        data-key="2"
        draggable="false"
        tabindex="0"
      >
        <div
          class="mo-tree__indent"
          style="width: 8px;"
        >
          <div
            class="mo-tree__indent__guide"
          />
        </div>
        <span
          class="mo-tree__treenode__title"
        >
          <span
            class="mo-problems__treeview__treeLeaf"
          >
            <span
              class="codicon codicon-warning"
            />
            <span>
              解析错误
            </span>
            <span
              class="mo-problems__treeview__treeLeaf__subInfo"
            >
              endLineNumber
            </span>
            <span
              class="mo-problems__treeview__treeLeaf__subInfo"
            >
              [0, 1]
            </span>
          </span>
        </span>
      </div>
      <div
        class="mo-tree__treenode mo-tree__treenode--close"
        data-id="mo_treeNode_1_3"
        data-indent="1"
        data-key="3"
        draggable="false"
        tabindex="0"
      >
        <div
          class="mo-tree__indent"
          style="width: 8px;"
        >
          <div
            class="mo-tree__indent__guide"
          />
        </div>
        <span
          class="mo-tree__treenode__title"
        >
          <span
            class="mo-problems__treeview__treeLeaf"
          >
            <span
              class="codicon codicon-info"
            />
            <span>
              有点问题
            </span>
            <span
              class="mo-problems__treeview__treeLeaf__subInfo"
            >
              endLineNumber
            </span>
            <span
              class="mo-problems__treeview__treeLeaf__subInfo"
            >
              [0, 1]
            </span>
          </span>
        </span>
      </div>
      <div
        class="mo-tree__treenode mo-tree__treenode--close"
        data-id="mo_treeNode_1_4"
        data-indent="1"
        data-key="4"
        draggable="false"
        tabindex="0"
      >
        <div
          class="mo-tree__indent"
          style="width: 8px;"
        >
          <div
            class="mo-tree__indent__guide"
          />
        </div>
        <span
          class="mo-tree__treenode__title"
        >
          <span
            class="mo-problems__treeview__treeLeaf"
          >
            <span>
              problems
            </span>
            <span
              class="mo-problems__treeview__treeLeaf__subInfo"
            >
              endLineNumber
            </span>
            <span
              class="mo-problems__treeview__treeLeaf__subInfo"
            >
              [0, 1]
            </span>
          </span>
        </span>
      </div>
    </div>
  </div>
</DocumentFragment>
`;
