// Jest Snapshot v1, https://goo.gl/fbAQLP

exports[`Test ActionBar Component Checkbox renders correctly 1`] = `
<div
  className="mo-checkbox"
>
  <input
    className="mo-checkbox__input"
    id="m1"
    onChange={[Function]}
    type="checkbox"
  />
  <label
    className="mo-checkbox__label codicon"
    htmlFor="m1"
  />
</div>
`;
