// Jest Snapshot v1, https://goo.gl/fbAQLP

exports[`The Editor Component Match the esitor group snapshot 1`] = `
<div
  className="mo-editor"
>
  <div
    className="css-1ndrsdj"
    data-split="vertical"
    data-type="SplitPane"
  >
    <div
      style={
        Object {
          "display": Array [
            "-webkit-box",
            "-moz-box",
            "-ms-flexbox",
            "-webkit-flex",
            "flex",
          ],
          "flex": "1",
          "maxWidth": "calc(100% - 1px*1)",
          "minWidth": "220px",
          "outline": "none",
        }
      }
    >
      <div
        className="mo-editor__group"
      >
        <div
          className="mo-editor__group-header"
        >
          <div
            className="mo-editor__group-tabs"
          >
            <div
              data-testid="test-id"
              editable={true}
              onClick={[Function]}
              onContextMenu={[Function]}
              type="card"
            />
          </div>
          <div
            className="mo-editor__group-actions"
          />
        </div>
        <div
          className="mo-editor__group-breadcrumb"
        >
          <div
            className="mo-breadcrumb"
            role="breadcrumb"
          />
        </div>
        <div
          className="mo-editor__group-container"
        >
          <div
            className="mo-monaco-editor"
            style={
              Object {
                "height": "100%",
                "minHeight": "400px",
                "position": "relative",
                "width": "100%",
              }
            }
          />
        </div>
      </div>
    </div>
    <div
      className="sc-htpNat fXAXjb sc-bdVaJa cjjWdp"
      data-attribute="vertical"
      data-type="Resizer"
      onClick={[Function]}
      onDoubleClick={[Function]}
      onMouseDown={[Function]}
      onTouchEnd={[Function]}
      onTouchStart={[Function]}
    />
    <div
      style={
        Object {
          "display": Array [
            "-webkit-box",
            "-moz-box",
            "-ms-flexbox",
            "-webkit-flex",
            "flex",
          ],
          "flex": "1",
          "maxWidth": "calc(100% - 1px*1)",
          "minWidth": "220px",
          "outline": "none",
        }
      }
    >
      <div
        className="mo-editor__group"
      >
        <div
          className="mo-editor__group-header"
        >
          <div
            className="mo-editor__group-tabs"
          >
            <div
              activeTab=""
              data-testid="test-id"
              editable={true}
              onClick={[Function]}
              onContextMenu={[Function]}
              type="card"
            />
          </div>
          <div
            className="mo-editor__group-actions"
          />
        </div>
        <div
          className="mo-editor__group-breadcrumb"
        >
          <div
            className="mo-breadcrumb"
            role="breadcrumb"
          />
        </div>
        <div
          className="mo-editor__group-container"
        >
          <div
            className="mo-monaco-editor"
            style={
              Object {
                "height": "100%",
                "minHeight": "400px",
                "position": "relative",
                "width": "100%",
              }
            }
          />
        </div>
      </div>
    </div>
  </div>
</div>
`;

exports[`The Editor Component Match the status snapshot 1`] = `
<span>
  Ln 0, Col 0
</span>
`;

exports[`The Editor Component Match the welcome snapshot 1`] = `
<div
  className="mo-editor"
>
  <div
    className="mo-welcome"
  >
    <h1>
      Molecule.
    </h1>
  </div>
</div>
`;
